<html>
<body>
<pre>
<h1>µVision Build Log</h1>
<h2>Project:</h2>
C:\Users\Administrator\Desktop\ALIENTEK MINISTM32  µ—È1 ≈‹¬Ìµ∆\USER\LED.uvproj
Project File Date:  12/12/2016

<h2>Output:</h2>
Build target 'Target 1'
linking...
Program Size: Code=4480 RO-data=268 RW-data=52 ZI-data=1700  
FromELF: creating hex file...
".\LED.axf" - 0 Errors, 0 Warning(s).
Build target 'Target 1'
compiling main.c...
compiling led.c...
linking...
Program Size: Code=4480 RO-data=268 RW-data=52 ZI-data=1700  
FromELF: creating hex file...
".\LED.axf" - 0 Errors, 0 Warning(s).
Build target 'Target 1'
linking...
Program Size: Code=4480 RO-data=268 RW-data=52 ZI-data=1700  
FromELF: creating hex file...
".\LED.axf" - 0 Errors, 0 Warning(s).
Build target 'Target 1'
linking...
Program Size: Code=4480 RO-data=268 RW-data=52 ZI-data=1700  
FromELF: creating hex file...
".\LED.axf" - 0 Errors, 0 Warning(s).
Build target 'Target 1'
compiling led.c...
linking...
Program Size: Code=4480 RO-data=268 RW-data=52 ZI-data=1700  
FromELF: creating hex file...
".\LED.axf" - 0 Errors, 0 Warning(s).
Build target 'Target 1'
linking...
Program Size: Code=4480 RO-data=268 RW-data=52 ZI-data=1700  
FromELF: creating hex file...
".\LED.axf" - 0 Errors, 0 Warning(s).
Build target 'Target 1'
linking...
Program Size: Code=4480 RO-data=268 RW-data=52 ZI-data=1700  
FromELF: creating hex file...
".\LED.axf" - 0 Errors, 0 Warning(s).
Build target 'Target 1'
linking...
Program Size: Code=4480 RO-data=268 RW-data=52 ZI-data=1700  
FromELF: creating hex file...
".\LED.axf" - 0 Errors, 0 Warning(s).
Build target 'Target 1'
linking...
Program Size: Code=4480 RO-data=268 RW-data=52 ZI-data=1700  
FromELF: creating hex file...
".\LED.axf" - 0 Errors, 0 Warning(s).
Build target 'Target 1'
linking...
Program Size: Code=4480 RO-data=268 RW-data=52 ZI-data=1700  
FromELF: creating hex file...
".\LED.axf" - 0 Errors, 0 Warning(s).
Build target 'Target 1'
linking...
Program Size: Code=4480 RO-data=268 RW-data=52 ZI-data=1700  
FromELF: creating hex file...
".\LED.axf" - 0 Errors, 0 Warning(s).
Build target 'Target 1'
compiling main.c...
compiling led.c...
linking...
Program Size: Code=4520 RO-data=268 RW-data=52 ZI-data=1700  
FromELF: creating hex file...
".\LED.axf" - 0 Errors, 0 Warning(s).
Build target 'Target 1'
compiling main.c...
linking...
Program Size: Code=4540 RO-data=268 RW-data=52 ZI-data=1700  
FromELF: creating hex file...
".\LED.axf" - 0 Errors, 0 Warning(s).
Build target 'Target 1'
linking...
Program Size: Code=4540 RO-data=268 RW-data=52 ZI-data=1700  
FromELF: creating hex file...
".\LED.axf" - 0 Errors, 0 Warning(s).
